<?xml version="1.0" encoding="utf-8"?>
<TestRun id="85f30fa0-d848-45d8-ad53-1faf2c39433f" name="Asus@LAPTOP-BJRU4QST 2026-02-23 06:24:06" runUser="LAPTOP-BJRU4QST\Asus" xmlns="http://microsoft.com/schemas/VisualStudio/TeamTest/2010">
  <Times creation="2026-02-23T06:24:06.6325647+05:30" queuing="2026-02-23T06:24:06.6325652+05:30" start="2026-02-23T06:24:05.9255478+05:30" finish="2026-02-23T06:24:06.6690341+05:30" />
  <TestSettings name="default" id="813107b8-282f-44e7-9810-0429391ccde1">
    <Deployment runDeploymentRoot="Asus_LAPTOP-BJRU4QST_2026-02-23_06_24_06" />
  </TestSettings>
  <Results>
    <UnitTestResult executionId="9b863d9b-bd2f-4e26-b50e-d3fb79ebd67b" testId="1c1972bd-e9d9-1a0b-24c6-5b214ddd257d" testName="Given1FootAnd12InchesWhenComparedShouldReturnTrue" computerName="LAPTOP-BJRU4QST" duration="00:00:00.0001010" startTime="2026-02-23T06:24:06.5450400+05:30" endTime="2026-02-23T06:24:06.5451413+05:30" testType="13cdc9d9-ddb5-4fa4-a97d-d965ccfc6d4b" outcome="Passed" testListId="8c84fa94-04c1-424b-9868-57a2d4851a1d" relativeResultsDirectory="9b863d9b-bd2f-4e26-b50e-d3fb79ebd67b" />
    <UnitTestResult executionId="df484ade-9124-4214-9590-973cebaa6eb6" testId="8aebd93c-fddb-378f-a2e3-8d5e08033645" testName="Convert_NaN_ThrowsInvalidMeasurementException" computerName="LAPTOP-BJRU4QST" duration="00:00:00.0003900" startTime="2026-02-23T06:24:06.5436801+05:30" endTime="2026-02-23T06:24:06.5440698+05:30" testType="13cdc9d9-ddb5-4fa4-a97d-d965ccfc6d4b" outcome="Passed" testListId="8c84fa94-04c1-424b-9868-57a2d4851a1d" relativeResultsDirectory="df484ade-9124-4214-9590-973cebaa6eb6" />
    <UnitTestResult executionId="31c80db9-ff72-4a35-becb-d2dc59613109" testId="4d14e9f9-75d3-17b4-92e8-9e58e7b7925a" testName="InstanceConvert_OneYardToInches_ReturnsThirtySix" computerName="LAPTOP-BJRU4QST" duration="00:00:00.0001200" startTime="2026-02-23T06:24:06.5460834+05:30" endTime="2026-02-23T06:24:06.5462029+05:30" testType="13cdc9d9-ddb5-4fa4-a97d-d965ccfc6d4b" outcome="Passed" testListId="8c84fa94-04c1-424b-9868-57a2d4851a1d" relativeResultsDirectory="31c80db9-ff72-4a35-becb-d2dc59613109" />
    <UnitTestResult executionId="2aa44442-a3d5-44ee-acad-27af082ddf8c" testId="4088a67e-5724-ca2c-7dc9-d0a047a52345" testName="Add_OneYardAndOneFoot_ReturnsOnePointThreeThreeYards" computerName="LAPTOP-BJRU4QST" duration="00:00:00.0011550" startTime="2026-02-23T06:24:06.5357576+05:30" endTime="2026-02-23T06:24:06.5369120+05:30" testType="13cdc9d9-ddb5-4fa4-a97d-d965ccfc6d4b" outcome="Passed" testListId="8c84fa94-04c1-424b-9868-57a2d4851a1d" relativeResultsDirectory="2aa44442-a3d5-44ee-acad-27af082ddf8c" />
    <UnitTestResult executionId="437fa45f-ca46-4fa6-bf95-76fcd6214647" testId="531f4e0d-72e7-08c8-5d5d-28e06ede4e2b" testName="GivenNullMeasurementWhenComparedShouldReturnFalse" computerName="LAPTOP-BJRU4QST" duration="00:00:00.0001380" startTime="2026-02-23T06:24:06.5458244+05:30" endTime="2026-02-23T06:24:06.5459625+05:30" testType="13cdc9d9-ddb5-4fa4-a97d-d965ccfc6d4b" outcome="Passed" testListId="8c84fa94-04c1-424b-9868-57a2d4851a1d" relativeResultsDirectory="437fa45f-ca46-4fa6-bf95-76fcd6214647" />
    <UnitTestResult executionId="d8f9949c-d6fc-4871-bdb9-fee1e91eb2e2" testId="bd117fff-cb55-cc6d-ed10-1f7aa2ca0aa1" testName="Given1YardAnd3FeetWhenComparedShouldReturnTrue" computerName="LAPTOP-BJRU4QST" duration="00:00:00.0001780" startTime="2026-02-23T06:24:06.5456362+05:30" endTime="2026-02-23T06:24:06.5458141+05:30" testType="13cdc9d9-ddb5-4fa4-a97d-d965ccfc6d4b" outcome="Passed" testListId="8c84fa94-04c1-424b-9868-57a2d4851a1d" relativeResultsDirectory="d8f9949c-d6fc-4871-bdb9-fee1e91eb2e2" />
    <UnitTestResult executionId="5515afa9-93f7-4c6f-83c7-312033b0c049" testId="55654b34-6148-dfd2-4316-351d97253095" testName="Convert_InfiniteValue_ThrowsInvalidMeasurementException" computerName="LAPTOP-BJRU4QST" duration="00:00:00.0063550" startTime="2026-02-23T06:24:06.5373040+05:30" endTime="2026-02-23T06:24:06.5436583+05:30" testType="13cdc9d9-ddb5-4fa4-a97d-d965ccfc6d4b" outcome="Passed" testListId="8c84fa94-04c1-424b-9868-57a2d4851a1d" relativeResultsDirectory="5515afa9-93f7-4c6f-83c7-312033b0c049" />
    <UnitTestResult executionId="3615d8ee-1e17-4c5e-a404-1bf863570cf7" testId="31855878-9749-c9ee-928a-a2f11eabf139" testName="Convert_2Point54CentimetresToInches_ReturnsApproximatelyOne" computerName="LAPTOP-BJRU4QST" duration="00:00:00.0001170" startTime="2026-02-23T06:24:06.5371803+05:30" endTime="2026-02-23T06:24:06.5372968+05:30" testType="13cdc9d9-ddb5-4fa4-a97d-d965ccfc6d4b" outcome="Passed" testListId="8c84fa94-04c1-424b-9868-57a2d4851a1d" relativeResultsDirectory="3615d8ee-1e17-4c5e-a404-1bf863570cf7" />
    <UnitTestResult executionId="db1bdd68-7a5a-4a38-bf17-73d06132678e" testId="49d2f77d-c0d3-5459-d140-c2eef02438fc" testName="StaticConvert_OneFootToInches_ReturnsTwelve" computerName="LAPTOP-BJRU4QST" duration="00:00:00.0000980" startTime="2026-02-23T06:24:06.5462173+05:30" endTime="2026-02-23T06:24:06.5463154+05:30" testType="13cdc9d9-ddb5-4fa4-a97d-d965ccfc6d4b" outcome="Passed" testListId="8c84fa94-04c1-424b-9868-57a2d4851a1d" relativeResultsDirectory="db1bdd68-7a5a-4a38-bf17-73d06132678e" />
    <UnitTestResult executionId="0295c144-1842-4789-84dc-cb49a4c9b6b3" testId="f8e73008-1f81-66eb-1417-a476571df092" testName="Given12InchesAnd1FootWhenComparedShouldReturnTrue" computerName="LAPTOP-BJRU4QST" duration="00:00:00.0001320" startTime="2026-02-23T06:24:06.5446313+05:30" endTime="2026-02-23T06:24:06.5447634+05:30" testType="13cdc9d9-ddb5-4fa4-a97d-d965ccfc6d4b" outcome="Passed" testListId="8c84fa94-04c1-424b-9868-57a2d4851a1d" relativeResultsDirectory="0295c144-1842-4789-84dc-cb49a4c9b6b3" />
    <UnitTestResult executionId="7d191e47-6f51-4dd8-b29a-46cc74ebbc04" testId="62cea903-8b87-12a9-590a-e45987209fa0" testName="Given1FootAnd1FootWhenComparedShouldReturnTrue" computerName="LAPTOP-BJRU4QST" duration="00:00:00.0000920" startTime="2026-02-23T06:24:06.5451481+05:30" endTime="2026-02-23T06:24:06.5452396+05:30" testType="13cdc9d9-ddb5-4fa4-a97d-d965ccfc6d4b" outcome="Passed" testListId="8c84fa94-04c1-424b-9868-57a2d4851a1d" relativeResultsDirectory="7d191e47-6f51-4dd8-b29a-46cc74ebbc04" />
    <UnitTestResult executionId="031e8005-b388-4594-a196-c4399ffddc0e" testId="28946012-eef4-fd8e-12fb-cfd91560d1d2" testName="Given1FootAnd1InchWhenComparedShouldReturnFalse" computerName="LAPTOP-BJRU4QST" duration="00:00:00.0001020" startTime="2026-02-23T06:24:06.5452460+05:30" endTime="2026-02-23T06:24:06.5453483+05:30" testType="13cdc9d9-ddb5-4fa4-a97d-d965ccfc6d4b" outcome="Passed" testListId="8c84fa94-04c1-424b-9868-57a2d4851a1d" relativeResultsDirectory="031e8005-b388-4594-a196-c4399ffddc0e" />
    <UnitTestResult executionId="8431c21a-b12c-4b27-b340-7e01908bcf44" testId="4e1d1588-1be0-efa6-918f-044085f142db" testName="Given0InchesAnd0InchesWhenComparedShouldReturnTrue" computerName="LAPTOP-BJRU4QST" duration="00:00:00.0005310" startTime="2026-02-23T06:24:06.5440832+05:30" endTime="2026-02-23T06:24:06.5446136+05:30" testType="13cdc9d9-ddb5-4fa4-a97d-d965ccfc6d4b" outcome="Passed" testListId="8c84fa94-04c1-424b-9868-57a2d4851a1d" relativeResultsDirectory="8431c21a-b12c-4b27-b340-7e01908bcf44" />
    <UnitTestResult executionId="74727888-ca72-4847-ae06-69e473273f5e" testId="1a16ed64-bfd8-8c43-b178-28acccde8f1f" testName="GivenSameReferenceWhenComparedShouldReturnTrue" computerName="LAPTOP-BJRU4QST" duration="00:00:00.0000930" startTime="2026-02-23T06:24:06.5459696+05:30" endTime="2026-02-23T06:24:06.5460622+05:30" testType="13cdc9d9-ddb5-4fa4-a97d-d965ccfc6d4b" outcome="Passed" testListId="8c84fa94-04c1-424b-9868-57a2d4851a1d" relativeResultsDirectory="74727888-ca72-4847-ae06-69e473273f5e" />
    <UnitTestResult executionId="2a325cdc-3f9f-4f63-b717-2d1e72e60ea9" testId="d96c3765-71fb-ac29-1169-0e7684a82505" testName="Given1YardAnd36InchesWhenComparedShouldReturnTrue" computerName="LAPTOP-BJRU4QST" duration="00:00:00.0001220" startTime="2026-02-23T06:24:06.5454621+05:30" endTime="2026-02-23T06:24:06.5455837+05:30" testType="13cdc9d9-ddb5-4fa4-a97d-d965ccfc6d4b" outcome="Passed" testListId="8c84fa94-04c1-424b-9868-57a2d4851a1d" relativeResultsDirectory="2a325cdc-3f9f-4f63-b717-2d1e72e60ea9" />
    <UnitTestResult executionId="9e562033-fb1d-428e-983d-6943d48ba725" testId="9945ed6d-a972-526b-034d-5b3c2ce0ccbe" testName="StaticConvert_TwoPointFiftyFourCentimetresToFeet_ReturnsOneTwelfth" computerName="LAPTOP-BJRU4QST" duration="00:00:00.0001100" startTime="2026-02-23T06:24:06.5463221+05:30" endTime="2026-02-23T06:24:06.5464320+05:30" testType="13cdc9d9-ddb5-4fa4-a97d-d965ccfc6d4b" outcome="Passed" testListId="8c84fa94-04c1-424b-9868-57a2d4851a1d" relativeResultsDirectory="9e562033-fb1d-428e-983d-6943d48ba725" />
    <UnitTestResult executionId="03a812b2-1a59-4f18-b7d7-68dac596c07a" testId="ac4227d5-809c-9a7f-26ab-b64aaae1bcc7" testName="Add_OneFootAndTwelveInches_ReturnsTwoFeet" computerName="LAPTOP-BJRU4QST" duration="00:00:00.0127960" startTime="2026-02-23T06:24:06.5217554+05:30" endTime="2026-02-23T06:24:06.5344957+05:30" testType="13cdc9d9-ddb5-4fa4-a97d-d965ccfc6d4b" outcome="Passed" testListId="8c84fa94-04c1-424b-9868-57a2d4851a1d" relativeResultsDirectory="03a812b2-1a59-4f18-b7d7-68dac596c07a" />
    <UnitTestResult executionId="eb540561-32d6-4f8b-b471-8d24abaaebe9" testId="9ce26c89-ca6f-393c-d476-ea786453d1f2" testName="Given1CentimetreAnd1InchWhenComparedShouldReturnFalse" computerName="LAPTOP-BJRU4QST" duration="00:00:00.0002610" startTime="2026-02-23T06:24:06.5447712+05:30" endTime="2026-02-23T06:24:06.5450320+05:30" testType="13cdc9d9-ddb5-4fa4-a97d-d965ccfc6d4b" outcome="Passed" testListId="8c84fa94-04c1-424b-9868-57a2d4851a1d" relativeResultsDirectory="eb540561-32d6-4f8b-b471-8d24abaaebe9" />
    <UnitTestResult executionId="378dd1d7-633a-43b8-9ae0-00bc2bbd33be" testId="10313a54-8f75-aab6-b2b0-c7f7c859d48a" testName="Given1InchAnd2InchesWhenComparedShouldReturnFalse" computerName="LAPTOP-BJRU4QST" duration="00:00:00.0001010" startTime="2026-02-23T06:24:06.5453546+05:30" endTime="2026-02-23T06:24:06.5454556+05:30" testType="13cdc9d9-ddb5-4fa4-a97d-d965ccfc6d4b" outcome="Passed" testListId="8c84fa94-04c1-424b-9868-57a2d4851a1d" relativeResultsDirectory="378dd1d7-633a-43b8-9ae0-00bc2bbd33be" />
    <UnitTestResult executionId="f25684bd-57b2-412c-a4e0-69f179b0b92a" testId="0e34e321-4368-d2c3-6c37-232e88696fce" testName="Add_WithTargetUnit_Inches_ReturnsCorrectValue" computerName="LAPTOP-BJRU4QST" duration="00:00:00.0002370" startTime="2026-02-23T06:24:06.5369332+05:30" endTime="2026-02-23T06:24:06.5371699+05:30" testType="13cdc9d9-ddb5-4fa4-a97d-d965ccfc6d4b" outcome="Passed" testListId="8c84fa94-04c1-424b-9868-57a2d4851a1d" relativeResultsDirectory="f25684bd-57b2-412c-a4e0-69f179b0b92a" />
  </Results>
  <TestDefinitions>
    <UnitTest name="Convert_2Point54CentimetresToInches_ReturnsApproximatelyOne" storage="c:\users\asus\onedrive\desktop\quantitymeasurementapp\quantitymeasurementapp.tests\bin\debug\net10.0\quantitymeasurementapp.tests.dll" id="31855878-9749-c9ee-928a-a2f11eabf139">
      <Execution id="3615d8ee-1e17-4c5e-a404-1bf863570cf7" />
      <TestMethod codeBase="c:\Users\Asus\OneDrive\Desktop\quantitymeasurementapp\QuantityMeasurementApp.Tests\bin\Debug\net10.0\QuantityMeasurementApp.Tests.dll" adapterTypeName="executor://nunit3testexecutor/" className="QuantityMeasurementApp.Tests.QuantityMeasurementTests" name="Convert_2Point54CentimetresToInches_ReturnsApproximatelyOne" />
    </UnitTest>
    <UnitTest name="Add_OneFootAndTwelveInches_ReturnsTwoFeet" storage="c:\users\asus\onedrive\desktop\quantitymeasurementapp\quantitymeasurementapp.tests\bin\debug\net10.0\quantitymeasurementapp.tests.dll" id="ac4227d5-809c-9a7f-26ab-b64aaae1bcc7">
      <Execution id="03a812b2-1a59-4f18-b7d7-68dac596c07a" />
      <TestMethod codeBase="c:\Users\Asus\OneDrive\Desktop\quantitymeasurementapp\QuantityMeasurementApp.Tests\bin\Debug\net10.0\QuantityMeasurementApp.Tests.dll" adapterTypeName="executor://nunit3testexecutor/" className="QuantityMeasurementApp.Tests.QuantityMeasurementTests" name="Add_OneFootAndTwelveInches_ReturnsTwoFeet" />
    </UnitTest>
    <UnitTest name="Given0InchesAnd0InchesWhenComparedShouldReturnTrue" storage="c:\users\asus\onedrive\desktop\quantitymeasurementapp\quantitymeasurementapp.tests\bin\debug\net10.0\quantitymeasurementapp.tests.dll" id="4e1d1588-1be0-efa6-918f-044085f142db">
      <Execution id="8431c21a-b12c-4b27-b340-7e01908bcf44" />
      <TestMethod codeBase="c:\Users\Asus\OneDrive\Desktop\quantitymeasurementapp\QuantityMeasurementApp.Tests\bin\Debug\net10.0\QuantityMeasurementApp.Tests.dll" adapterTypeName="executor://nunit3testexecutor/" className="QuantityMeasurementApp.Tests.QuantityMeasurementTests" name="Given0InchesAnd0InchesWhenComparedShouldReturnTrue" />
    </UnitTest>
    <UnitTest name="Given1FootAnd12InchesWhenComparedShouldReturnTrue" storage="c:\users\asus\onedrive\desktop\quantitymeasurementapp\quantitymeasurementapp.tests\bin\debug\net10.0\quantitymeasurementapp.tests.dll" id="1c1972bd-e9d9-1a0b-24c6-5b214ddd257d">
      <Execution id="9b863d9b-bd2f-4e26-b50e-d3fb79ebd67b" />
      <TestMethod codeBase="c:\Users\Asus\OneDrive\Desktop\quantitymeasurementapp\QuantityMeasurementApp.Tests\bin\Debug\net10.0\QuantityMeasurementApp.Tests.dll" adapterTypeName="executor://nunit3testexecutor/" className="QuantityMeasurementApp.Tests.QuantityMeasurementTests" name="Given1FootAnd12InchesWhenComparedShouldReturnTrue" />
    </UnitTest>
    <UnitTest name="Given1CentimetreAnd1InchWhenComparedShouldReturnFalse" storage="c:\users\asus\onedrive\desktop\quantitymeasurementapp\quantitymeasurementapp.tests\bin\debug\net10.0\quantitymeasurementapp.tests.dll" id="9ce26c89-ca6f-393c-d476-ea786453d1f2">
      <Execution id="eb540561-32d6-4f8b-b471-8d24abaaebe9" />
      <TestMethod codeBase="c:\Users\Asus\OneDrive\Desktop\quantitymeasurementapp\QuantityMeasurementApp.Tests\bin\Debug\net10.0\QuantityMeasurementApp.Tests.dll" adapterTypeName="executor://nunit3testexecutor/" className="QuantityMeasurementApp.Tests.QuantityMeasurementTests" name="Given1CentimetreAnd1InchWhenComparedShouldReturnFalse" />
    </UnitTest>
    <UnitTest name="Given1FootAnd1FootWhenComparedShouldReturnTrue" storage="c:\users\asus\onedrive\desktop\quantitymeasurementapp\quantitymeasurementapp.tests\bin\debug\net10.0\quantitymeasurementapp.tests.dll" id="62cea903-8b87-12a9-590a-e45987209fa0">
      <Execution id="7d191e47-6f51-4dd8-b29a-46cc74ebbc04" />
      <TestMethod codeBase="c:\Users\Asus\OneDrive\Desktop\quantitymeasurementapp\QuantityMeasurementApp.Tests\bin\Debug\net10.0\QuantityMeasurementApp.Tests.dll" adapterTypeName="executor://nunit3testexecutor/" className="QuantityMeasurementApp.Tests.QuantityMeasurementTests" name="Given1FootAnd1FootWhenComparedShouldReturnTrue" />
    </UnitTest>
    <UnitTest name="Given1YardAnd36InchesWhenComparedShouldReturnTrue" storage="c:\users\asus\onedrive\desktop\quantitymeasurementapp\quantitymeasurementapp.tests\bin\debug\net10.0\quantitymeasurementapp.tests.dll" id="d96c3765-71fb-ac29-1169-0e7684a82505">
      <Execution id="2a325cdc-3f9f-4f63-b717-2d1e72e60ea9" />
      <TestMethod codeBase="c:\Users\Asus\OneDrive\Desktop\quantitymeasurementapp\QuantityMeasurementApp.Tests\bin\Debug\net10.0\QuantityMeasurementApp.Tests.dll" adapterTypeName="executor://nunit3testexecutor/" className="QuantityMeasurementApp.Tests.QuantityMeasurementTests" name="Given1YardAnd36InchesWhenComparedShouldReturnTrue" />
    </UnitTest>
    <UnitTest name="Convert_NaN_ThrowsInvalidMeasurementException" storage="c:\users\asus\onedrive\desktop\quantitymeasurementapp\quantitymeasurementapp.tests\bin\debug\net10.0\quantitymeasurementapp.tests.dll" id="8aebd93c-fddb-378f-a2e3-8d5e08033645">
      <Execution id="df484ade-9124-4214-9590-973cebaa6eb6" />
      <TestMethod codeBase="c:\Users\Asus\OneDrive\Desktop\quantitymeasurementapp\QuantityMeasurementApp.Tests\bin\Debug\net10.0\QuantityMeasurementApp.Tests.dll" adapterTypeName="executor://nunit3testexecutor/" className="QuantityMeasurementApp.Tests.QuantityMeasurementTests" name="Convert_NaN_ThrowsInvalidMeasurementException" />
    </UnitTest>
    <UnitTest name="Given1FootAnd1InchWhenComparedShouldReturnFalse" storage="c:\users\asus\onedrive\desktop\quantitymeasurementapp\quantitymeasurementapp.tests\bin\debug\net10.0\quantitymeasurementapp.tests.dll" id="28946012-eef4-fd8e-12fb-cfd91560d1d2">
      <Execution id="031e8005-b388-4594-a196-c4399ffddc0e" />
      <TestMethod codeBase="c:\Users\Asus\OneDrive\Desktop\quantitymeasurementapp\QuantityMeasurementApp.Tests\bin\Debug\net10.0\QuantityMeasurementApp.Tests.dll" adapterTypeName="executor://nunit3testexecutor/" className="QuantityMeasurementApp.Tests.QuantityMeasurementTests" name="Given1FootAnd1InchWhenComparedShouldReturnFalse" />
    </UnitTest>
    <UnitTest name="Given1YardAnd3FeetWhenComparedShouldReturnTrue" storage="c:\users\asus\onedrive\desktop\quantitymeasurementapp\quantitymeasurementapp.tests\bin\debug\net10.0\quantitymeasurementapp.tests.dll" id="bd117fff-cb55-cc6d-ed10-1f7aa2ca0aa1">
      <Execution id="d8f9949c-d6fc-4871-bdb9-fee1e91eb2e2" />
      <TestMethod codeBase="c:\Users\Asus\OneDrive\Desktop\quantitymeasurementapp\QuantityMeasurementApp.Tests\bin\Debug\net10.0\QuantityMeasurementApp.Tests.dll" adapterTypeName="executor://nunit3testexecutor/" className="QuantityMeasurementApp.Tests.QuantityMeasurementTests" name="Given1YardAnd3FeetWhenComparedShouldReturnTrue" />
    </UnitTest>
    <UnitTest name="Add_WithTargetUnit_Inches_ReturnsCorrectValue" storage="c:\users\asus\onedrive\desktop\quantitymeasurementapp\quantitymeasurementapp.tests\bin\debug\net10.0\quantitymeasurementapp.tests.dll" id="0e34e321-4368-d2c3-6c37-232e88696fce">
      <Execution id="f25684bd-57b2-412c-a4e0-69f179b0b92a" />
      <TestMethod codeBase="c:\Users\Asus\OneDrive\Desktop\quantitymeasurementapp\QuantityMeasurementApp.Tests\bin\Debug\net10.0\QuantityMeasurementApp.Tests.dll" adapterTypeName="executor://nunit3testexecutor/" className="QuantityMeasurementApp.Tests.QuantityMeasurementTests" name="Add_WithTargetUnit_Inches_ReturnsCorrectValue" />
    </UnitTest>
    <UnitTest name="StaticConvert_TwoPointFiftyFourCentimetresToFeet_ReturnsOneTwelfth" storage="c:\users\asus\onedrive\desktop\quantitymeasurementapp\quantitymeasurementapp.tests\bin\debug\net10.0\quantitymeasurementapp.tests.dll" id="9945ed6d-a972-526b-034d-5b3c2ce0ccbe">
      <Execution id="9e562033-fb1d-428e-983d-6943d48ba725" />
      <TestMethod codeBase="c:\Users\Asus\OneDrive\Desktop\quantitymeasurementapp\QuantityMeasurementApp.Tests\bin\Debug\net10.0\QuantityMeasurementApp.Tests.dll" adapterTypeName="executor://nunit3testexecutor/" className="QuantityMeasurementApp.Tests.QuantityMeasurementTests" name="StaticConvert_TwoPointFiftyFourCentimetresToFeet_ReturnsOneTwelfth" />
    </UnitTest>
    <UnitTest name="StaticConvert_OneFootToInches_ReturnsTwelve" storage="c:\users\asus\onedrive\desktop\quantitymeasurementapp\quantitymeasurementapp.tests\bin\debug\net10.0\quantitymeasurementapp.tests.dll" id="49d2f77d-c0d3-5459-d140-c2eef02438fc">
      <Execution id="db1bdd68-7a5a-4a38-bf17-73d06132678e" />
      <TestMethod codeBase="c:\Users\Asus\OneDrive\Desktop\quantitymeasurementapp\QuantityMeasurementApp.Tests\bin\Debug\net10.0\QuantityMeasurementApp.Tests.dll" adapterTypeName="executor://nunit3testexecutor/" className="QuantityMeasurementApp.Tests.QuantityMeasurementTests" name="StaticConvert_OneFootToInches_ReturnsTwelve" />
    </UnitTest>
    <UnitTest name="GivenSameReferenceWhenComparedShouldReturnTrue" storage="c:\users\asus\onedrive\desktop\quantitymeasurementapp\quantitymeasurementapp.tests\bin\debug\net10.0\quantitymeasurementapp.tests.dll" id="1a16ed64-bfd8-8c43-b178-28acccde8f1f">
      <Execution id="74727888-ca72-4847-ae06-69e473273f5e" />
      <TestMethod codeBase="c:\Users\Asus\OneDrive\Desktop\quantitymeasurementapp\QuantityMeasurementApp.Tests\bin\Debug\net10.0\QuantityMeasurementApp.Tests.dll" adapterTypeName="executor://nunit3testexecutor/" className="QuantityMeasurementApp.Tests.QuantityMeasurementTests" name="GivenSameReferenceWhenComparedShouldReturnTrue" />
    </UnitTest>
    <UnitTest name="InstanceConvert_OneYardToInches_ReturnsThirtySix" storage="c:\users\asus\onedrive\desktop\quantitymeasurementapp\quantitymeasurementapp.tests\bin\debug\net10.0\quantitymeasurementapp.tests.dll" id="4d14e9f9-75d3-17b4-92e8-9e58e7b7925a">
      <Execution id="31c80db9-ff72-4a35-becb-d2dc59613109" />
      <TestMethod codeBase="c:\Users\Asus\OneDrive\Desktop\quantitymeasurementapp\QuantityMeasurementApp.Tests\bin\Debug\net10.0\QuantityMeasurementApp.Tests.dll" adapterTypeName="executor://nunit3testexecutor/" className="QuantityMeasurementApp.Tests.QuantityMeasurementTests" name="InstanceConvert_OneYardToInches_ReturnsThirtySix" />
    </UnitTest>
    <UnitTest name="Given1InchAnd2InchesWhenComparedShouldReturnFalse" storage="c:\users\asus\onedrive\desktop\quantitymeasurementapp\quantitymeasurementapp.tests\bin\debug\net10.0\quantitymeasurementapp.tests.dll" id="10313a54-8f75-aab6-b2b0-c7f7c859d48a">
      <Execution id="378dd1d7-633a-43b8-9ae0-00bc2bbd33be" />
      <TestMethod codeBase="c:\Users\Asus\OneDrive\Desktop\quantitymeasurementapp\QuantityMeasurementApp.Tests\bin\Debug\net10.0\QuantityMeasurementApp.Tests.dll" adapterTypeName="executor://nunit3testexecutor/" className="QuantityMeasurementApp.Tests.QuantityMeasurementTests" name="Given1InchAnd2InchesWhenComparedShouldReturnFalse" />
    </UnitTest>
    <UnitTest name="Given12InchesAnd1FootWhenComparedShouldReturnTrue" storage="c:\users\asus\onedrive\desktop\quantitymeasurementapp\quantitymeasurementapp.tests\bin\debug\net10.0\quantitymeasurementapp.tests.dll" id="f8e73008-1f81-66eb-1417-a476571df092">
      <Execution id="0295c144-1842-4789-84dc-cb49a4c9b6b3" />
      <TestMethod codeBase="c:\Users\Asus\OneDrive\Desktop\quantitymeasurementapp\QuantityMeasurementApp.Tests\bin\Debug\net10.0\QuantityMeasurementApp.Tests.dll" adapterTypeName="executor://nunit3testexecutor/" className="QuantityMeasurementApp.Tests.QuantityMeasurementTests" name="Given12InchesAnd1FootWhenComparedShouldReturnTrue" />
    </UnitTest>
    <UnitTest name="Convert_InfiniteValue_ThrowsInvalidMeasurementException" storage="c:\users\asus\onedrive\desktop\quantitymeasurementapp\quantitymeasurementapp.tests\bin\debug\net10.0\quantitymeasurementapp.tests.dll" id="55654b34-6148-dfd2-4316-351d97253095">
      <Execution id="5515afa9-93f7-4c6f-83c7-312033b0c049" />
      <TestMethod codeBase="c:\Users\Asus\OneDrive\Desktop\quantitymeasurementapp\QuantityMeasurementApp.Tests\bin\Debug\net10.0\QuantityMeasurementApp.Tests.dll" adapterTypeName="executor://nunit3testexecutor/" className="QuantityMeasurementApp.Tests.QuantityMeasurementTests" name="Convert_InfiniteValue_ThrowsInvalidMeasurementException" />
    </UnitTest>
    <UnitTest name="GivenNullMeasurementWhenComparedShouldReturnFalse" storage="c:\users\asus\onedrive\desktop\quantitymeasurementapp\quantitymeasurementapp.tests\bin\debug\net10.0\quantitymeasurementapp.tests.dll" id="531f4e0d-72e7-08c8-5d5d-28e06ede4e2b">
      <Execution id="437fa45f-ca46-4fa6-bf95-76fcd6214647" />
      <TestMethod codeBase="c:\Users\Asus\OneDrive\Desktop\quantitymeasurementapp\QuantityMeasurementApp.Tests\bin\Debug\net10.0\QuantityMeasurementApp.Tests.dll" adapterTypeName="executor://nunit3testexecutor/" className="QuantityMeasurementApp.Tests.QuantityMeasurementTests" name="GivenNullMeasurementWhenComparedShouldReturnFalse" />
    </UnitTest>
    <UnitTest name="Add_OneYardAndOneFoot_ReturnsOnePointThreeThreeYards" storage="c:\users\asus\onedrive\desktop\quantitymeasurementapp\quantitymeasurementapp.tests\bin\debug\net10.0\quantitymeasurementapp.tests.dll" id="4088a67e-5724-ca2c-7dc9-d0a047a52345">
      <Execution id="2aa44442-a3d5-44ee-acad-27af082ddf8c" />
      <TestMethod codeBase="c:\Users\Asus\OneDrive\Desktop\quantitymeasurementapp\QuantityMeasurementApp.Tests\bin\Debug\net10.0\QuantityMeasurementApp.Tests.dll" adapterTypeName="executor://nunit3testexecutor/" className="QuantityMeasurementApp.Tests.QuantityMeasurementTests" name="Add_OneYardAndOneFoot_ReturnsOnePointThreeThreeYards" />
    </UnitTest>
  </TestDefinitions>
  <TestEntries>
    <TestEntry testId="1c1972bd-e9d9-1a0b-24c6-5b214ddd257d" executionId="9b863d9b-bd2f-4e26-b50e-d3fb79ebd67b" testListId="8c84fa94-04c1-424b-9868-57a2d4851a1d" />
    <TestEntry testId="8aebd93c-fddb-378f-a2e3-8d5e08033645" executionId="df484ade-9124-4214-9590-973cebaa6eb6" testListId="8c84fa94-04c1-424b-9868-57a2d4851a1d" />
    <TestEntry testId="4d14e9f9-75d3-17b4-92e8-9e58e7b7925a" executionId="31c80db9-ff72-4a35-becb-d2dc59613109" testListId="8c84fa94-04c1-424b-9868-57a2d4851a1d" />
    <TestEntry testId="4088a67e-5724-ca2c-7dc9-d0a047a52345" executionId="2aa44442-a3d5-44ee-acad-27af082ddf8c" testListId="8c84fa94-04c1-424b-9868-57a2d4851a1d" />
    <TestEntry testId="531f4e0d-72e7-08c8-5d5d-28e06ede4e2b" executionId="437fa45f-ca46-4fa6-bf95-76fcd6214647" testListId="8c84fa94-04c1-424b-9868-57a2d4851a1d" />
    <TestEntry testId="bd117fff-cb55-cc6d-ed10-1f7aa2ca0aa1" executionId="d8f9949c-d6fc-4871-bdb9-fee1e91eb2e2" testListId="8c84fa94-04c1-424b-9868-57a2d4851a1d" />
    <TestEntry testId="55654b34-6148-dfd2-4316-351d97253095" executionId="5515afa9-93f7-4c6f-83c7-312033b0c049" testListId="8c84fa94-04c1-424b-9868-57a2d4851a1d" />
    <TestEntry testId="31855878-9749-c9ee-928a-a2f11eabf139" executionId="3615d8ee-1e17-4c5e-a404-1bf863570cf7" testListId="8c84fa94-04c1-424b-9868-57a2d4851a1d" />
    <TestEntry testId="49d2f77d-c0d3-5459-d140-c2eef02438fc" executionId="db1bdd68-7a5a-4a38-bf17-73d06132678e" testListId="8c84fa94-04c1-424b-9868-57a2d4851a1d" />
    <TestEntry testId="f8e73008-1f81-66eb-1417-a476571df092" executionId="0295c144-1842-4789-84dc-cb49a4c9b6b3" testListId="8c84fa94-04c1-424b-9868-57a2d4851a1d" />
    <TestEntry testId="62cea903-8b87-12a9-590a-e45987209fa0" executionId="7d191e47-6f51-4dd8-b29a-46cc74ebbc04" testListId="8c84fa94-04c1-424b-9868-57a2d4851a1d" />
    <TestEntry testId="28946012-eef4-fd8e-12fb-cfd91560d1d2" executionId="031e8005-b388-4594-a196-c4399ffddc0e" testListId="8c84fa94-04c1-424b-9868-57a2d4851a1d" />
    <TestEntry testId="4e1d1588-1be0-efa6-918f-044085f142db" executionId="8431c21a-b12c-4b27-b340-7e01908bcf44" testListId="8c84fa94-04c1-424b-9868-57a2d4851a1d" />
    <TestEntry testId="1a16ed64-bfd8-8c43-b178-28acccde8f1f" executionId="74727888-ca72-4847-ae06-69e473273f5e" testListId="8c84fa94-04c1-424b-9868-57a2d4851a1d" />
    <TestEntry testId="d96c3765-71fb-ac29-1169-0e7684a82505" executionId="2a325cdc-3f9f-4f63-b717-2d1e72e60ea9" testListId="8c84fa94-04c1-424b-9868-57a2d4851a1d" />
    <TestEntry testId="9945ed6d-a972-526b-034d-5b3c2ce0ccbe" executionId="9e562033-fb1d-428e-983d-6943d48ba725" testListId="8c84fa94-04c1-424b-9868-57a2d4851a1d" />
    <TestEntry testId="ac4227d5-809c-9a7f-26ab-b64aaae1bcc7" executionId="03a812b2-1a59-4f18-b7d7-68dac596c07a" testListId="8c84fa94-04c1-424b-9868-57a2d4851a1d" />
    <TestEntry testId="9ce26c89-ca6f-393c-d476-ea786453d1f2" executionId="eb540561-32d6-4f8b-b471-8d24abaaebe9" testListId="8c84fa94-04c1-424b-9868-57a2d4851a1d" />
    <TestEntry testId="10313a54-8f75-aab6-b2b0-c7f7c859d48a" executionId="378dd1d7-633a-43b8-9ae0-00bc2bbd33be" testListId="8c84fa94-04c1-424b-9868-57a2d4851a1d" />
    <TestEntry testId="0e34e321-4368-d2c3-6c37-232e88696fce" executionId="f25684bd-57b2-412c-a4e0-69f179b0b92a" testListId="8c84fa94-04c1-424b-9868-57a2d4851a1d" />
  </TestEntries>
  <TestLists>
    <TestList name="Results Not in a List" id="8c84fa94-04c1-424b-9868-57a2d4851a1d" />
    <TestList name="All Loaded Results" id="19431567-8539-422a-85d7-44ee4e166bda" />
  </TestLists>
  <ResultSummary outcome="Completed">
    <Counters total="20" executed="20" passed="20" failed="0" error="0" timeout="0" aborted="0" inconclusive="0" passedButRunAborted="0" notRunnable="0" notExecuted="0" disconnected="0" warning="0" completed="0" inProgress="0" pending="0" />
    <Output>
      <StdOut>NUnit Adapter 6.1.0.0: Test execution started&#xD;
Running all tests in c:\Users\Asus\OneDrive\Desktop\quantitymeasurementapp\QuantityMeasurementApp.Tests\bin\Debug\net10.0\QuantityMeasurementApp.Tests.dll&#xD;
   NUnit3TestExecutor discovered 20 of 20 NUnit test cases using Current Discovery mode, Non-Explicit run&#xD;
NUnit Adapter 6.1.0.0: Test execution complete&#xD;
</StdOut>
    </Output>
  </ResultSummary>
</TestRun>